// Jest Snapshot v1, https://goo.gl/fbAQLP

exports[`Counter component Vue Debe hacer match con el snapshot 1`] = `
<h2>Counters</h2>
<p>100 <sup>2</sup> = 10000</p>
<div><button>+1</button><button>-1</button></div>
<footer>
  <p>Diomar Villarroel 2022</p>
</footer>
`;
