// Jest Snapshot v1, https://goo.gl/fbAQLP

exports[`Funcionalidad del componente Indesicion Debe hacer match con el snapshot 1`] = `
<img alt="imagen-background">
<div class="bg-dark"></div>
<div class="indecision-container"><input type="text" placeholder="Hazme una pregunta">
  <p>Recuerda terminar con un signo de interrogaci√≥n (?)</p>
  <!--v-if-->
</div>
`;
